c:\users\andrew\desktop\degree_year2_sem1\evovledoop\needtohandinone\programmingproject\try6\programmingproject\programm.e0a87724\x64\debug\vc143.pdb
c:\users\andrew\desktop\degree_year2_sem1\evovledoop\needtohandinone\programmingproject\try6\programmingproject\programm.e0a87724\x64\debug\vc143.idb
c:\users\andrew\desktop\degree_year2_sem1\evovledoop\needtohandinone\programmingproject\try6\programmingproject\programm.e0a87724\x64\debug\enemy.obj
c:\users\andrew\desktop\degree_year2_sem1\evovledoop\needtohandinone\programmingproject\try6\programmingproject\programm.e0a87724\x64\debug\drmark.obj
c:\users\andrew\desktop\degree_year2_sem1\evovledoop\needtohandinone\programmingproject\try6\programmingproject\programm.e0a87724\x64\debug\devopsengineer.obj
c:\users\andrew\desktop\degree_year2_sem1\evovledoop\needtohandinone\programmingproject\try6\programmingproject\programm.e0a87724\x64\debug\defensecard.obj
c:\users\andrew\desktop\degree_year2_sem1\evovledoop\needtohandinone\programmingproject\try6\programmingproject\programm.e0a87724\x64\debug\deck.obj
c:\users\andrew\desktop\degree_year2_sem1\evovledoop\needtohandinone\programmingproject\try6\programmingproject\programm.e0a87724\x64\debug\deathscreen.obj
c:\users\andrew\desktop\degree_year2_sem1\evovledoop\needtohandinone\programmingproject\try6\programmingproject\programm.e0a87724\x64\debug\datascientist.obj
c:\users\andrew\desktop\degree_year2_sem1\evovledoop\needtohandinone\programmingproject\try6\programmingproject\programm.e0a87724\x64\debug\creditsscreen.obj
c:\users\andrew\desktop\degree_year2_sem1\evovledoop\needtohandinone\programmingproject\try6\programmingproject\programm.e0a87724\x64\debug\combatscreen.obj
c:\users\andrew\desktop\degree_year2_sem1\evovledoop\needtohandinone\programmingproject\try6\programmingproject\programm.e0a87724\x64\debug\combatlognode.obj
c:\users\andrew\desktop\degree_year2_sem1\evovledoop\needtohandinone\programmingproject\try6\programmingproject\programm.e0a87724\x64\debug\carditerator.obj
c:\users\andrew\desktop\degree_year2_sem1\evovledoop\needtohandinone\programmingproject\try6\programmingproject\programm.e0a87724\x64\debug\cardhashtable.obj
c:\users\andrew\desktop\degree_year2_sem1\evovledoop\needtohandinone\programmingproject\try6\programmingproject\programm.e0a87724\x64\debug\cardfactory.obj
c:\users\andrew\desktop\degree_year2_sem1\evovledoop\needtohandinone\programmingproject\try6\programmingproject\programm.e0a87724\x64\debug\card.obj
c:\users\andrew\desktop\degree_year2_sem1\evovledoop\needtohandinone\programmingproject\try6\programmingproject\programm.e0a87724\x64\debug\cachehitcard.obj
c:\users\andrew\desktop\degree_year2_sem1\evovledoop\needtohandinone\programmingproject\try6\programmingproject\programm.e0a87724\x64\debug\bugmonster.obj
c:\users\andrew\desktop\degree_year2_sem1\evovledoop\needtohandinone\programmingproject\try6\programmingproject\programm.e0a87724\x64\debug\binarysearchcard.obj
c:\users\andrew\desktop\degree_year2_sem1\evovledoop\needtohandinone\programmingproject\try6\programmingproject\programm.e0a87724\x64\debug\backenddev.obj
c:\users\andrew\desktop\degree_year2_sem1\evovledoop\needtohandinone\programmingproject\try6\programmingproject\programm.e0a87724\x64\debug\attackcard.obj
c:\users\andrew\desktop\degree_year2_sem1\evovledoop\needtohandinone\programmingproject\try6\programmingproject\programm.e0a87724\x64\debug\activebar.obj
c:\users\andrew\desktop\degree_year2_sem1\evovledoop\needtohandinone\programmingproject\try6\programmingproject\programm.e0a87724\x64\debug\room.obj
c:\users\andrew\desktop\degree_year2_sem1\evovledoop\needtohandinone\programmingproject\try6\programmingproject\programm.e0a87724\x64\debug\roleselectionscreen.obj
c:\users\andrew\desktop\degree_year2_sem1\evovledoop\needtohandinone\programmingproject\try6\programmingproject\programm.e0a87724\x64\debug\restscreen.obj
c:\users\andrew\desktop\degree_year2_sem1\evovledoop\needtohandinone\programmingproject\try6\programmingproject\programm.e0a87724\x64\debug\programmingproject.obj
c:\users\andrew\desktop\degree_year2_sem1\evovledoop\needtohandinone\programmingproject\try6\programmingproject\programm.e0a87724\x64\debug\powercard.obj
c:\users\andrew\desktop\degree_year2_sem1\evovledoop\needtohandinone\programmingproject\try6\programmingproject\programm.e0a87724\x64\debug\pointerhashtable.obj
c:\users\andrew\desktop\degree_year2_sem1\evovledoop\needtohandinone\programmingproject\try6\programmingproject\programm.e0a87724\x64\debug\player.obj
c:\users\andrew\desktop\degree_year2_sem1\evovledoop\needtohandinone\programmingproject\try6\programmingproject\programm.e0a87724\x64\debug\nullpointerbug.obj
c:\users\andrew\desktop\degree_year2_sem1\evovledoop\needtohandinone\programmingproject\try6\programmingproject\programm.e0a87724\x64\debug\neuralnetworkcard.obj
c:\users\andrew\desktop\degree_year2_sem1\evovledoop\needtohandinone\programmingproject\try6\programmingproject\programm.e0a87724\x64\debug\memoryleakbug.obj
c:\users\andrew\desktop\degree_year2_sem1\evovledoop\needtohandinone\programmingproject\try6\programmingproject\programm.e0a87724\x64\debug\map.obj
c:\users\andrew\desktop\degree_year2_sem1\evovledoop\needtohandinone\programmingproject\try6\programmingproject\programm.e0a87724\x64\debug\mainmenuscreen.obj
c:\users\andrew\desktop\degree_year2_sem1\evovledoop\needtohandinone\programmingproject\try6\programmingproject\programm.e0a87724\x64\debug\loadbalancercard.obj
c:\users\andrew\desktop\degree_year2_sem1\evovledoop\needtohandinone\programmingproject\try6\programmingproject\programm.e0a87724\x64\debug\indexoutofboundsbug.obj
c:\users\andrew\desktop\degree_year2_sem1\evovledoop\needtohandinone\programmingproject\try6\programmingproject\programm.e0a87724\x64\debug\garbagecollectioncard.obj
c:\users\andrew\desktop\degree_year2_sem1\evovledoop\needtohandinone\programmingproject\try6\programmingproject\programm.e0a87724\x64\debug\gameplayscreen.obj
c:\users\andrew\desktop\degree_year2_sem1\evovledoop\needtohandinone\programmingproject\try6\programmingproject\programm.e0a87724\x64\debug\game.obj
c:\users\andrew\desktop\degree_year2_sem1\evovledoop\needtohandinone\programmingproject\try6\programmingproject\programm.e0a87724\x64\debug\fullstackdev.obj
c:\users\andrew\desktop\degree_year2_sem1\evovledoop\needtohandinone\programmingproject\try6\programmingproject\programm.e0a87724\x64\debug\frontenddev.obj
c:\users\andrew\desktop\degree_year2_sem1\evovledoop\needtohandinone\programmingproject\try6\programmingproject\programm.e0a87724\x64\debug\entity.obj
c:\users\andrew\desktop\degree_year2_sem1\evovledoop\needtohandinone\programmingproject\try6\programmingproject\programm.e0a87724\x64\debug\aistoryteller.obj
c:\users\andrew\desktop\degree_year2_sem1\evovledoop\needtohandinone\programmingproject\try6\programmingproject\programm.e0a87724\x64\debug\logger.obj
c:\users\andrew\desktop\degree_year2_sem1\evovledoop\needtohandinone\programmingproject\try6\programmingproject\programm.e0a87724\x64\debug\victoryscreen.obj
c:\users\andrew\desktop\degree_year2_sem1\evovledoop\needtohandinone\programmingproject\try6\programmingproject\programm.e0a87724\x64\debug\undostack.obj
c:\users\andrew\desktop\degree_year2_sem1\evovledoop\needtohandinone\programmingproject\try6\programmingproject\programm.e0a87724\x64\debug\tutorialscreen.obj
c:\users\andrew\desktop\degree_year2_sem1\evovledoop\needtohandinone\programmingproject\try6\programmingproject\programm.e0a87724\x64\debug\turnqueue.obj
c:\users\andrew\desktop\degree_year2_sem1\evovledoop\needtohandinone\programmingproject\try6\programmingproject\programm.e0a87724\x64\debug\treasurescreen.obj
c:\users\andrew\desktop\degree_year2_sem1\evovledoop\needtohandinone\programmingproject\try6\programmingproject\programm.e0a87724\x64\debug\syntaxerrorbug.obj
c:\users\andrew\desktop\degree_year2_sem1\evovledoop\needtohandinone\programmingproject\try6\programmingproject\programm.e0a87724\x64\debug\storyintroscreen.obj
c:\users\andrew\desktop\degree_year2_sem1\evovledoop\needtohandinone\programmingproject\try6\programmingproject\programm.e0a87724\x64\debug\stackoverflowbug.obj
c:\users\andrew\desktop\degree_year2_sem1\evovledoop\needtohandinone\programmingproject\try6\programmingproject\programm.e0a87724\x64\debug\skillcard.obj
c:\users\andrew\desktop\degree_year2_sem1\evovledoop\needtohandinone\programmingproject\try6\programmingproject\programm.e0a87724\x64\debug\shopscreen.obj
c:\users\andrew\desktop\degree_year2_sem1\evovledoop\needtohandinone\programmingproject\try6\programmingproject\programm.e0a87724\x64\debug\settingsscreen.obj
c:\users\andrew\desktop\degree_year2_sem1\evovledoop\needtohandinone\programmingproject\try6\programmingproject\programm.e0a87724\x64\debug\screen.obj
c:\users\andrew\desktop\degree_year2_sem1\evovledoop\needtohandinone\programmingproject\try6\programmingproject\x64\debug\programmingproject.exe
c:\users\andrew\desktop\degree_year2_sem1\evovledoop\needtohandinone\programmingproject\try6\programmingproject\x64\debug\programmingproject.pdb
c:\users\andrew\desktop\degree_year2_sem1\evovledoop\needtohandinone\programmingproject\try6\programmingproject\programm.e0a87724\x64\debug\programmingproject.ilk
c:\users\andrew\desktop\degree_year2_sem1\evovledoop\needtohandinone\programmingproject\try6\programmingproject\programm.e0a87724\x64\debug\programm.e0a87724.tlog\cl.command.1.tlog
c:\users\andrew\desktop\degree_year2_sem1\evovledoop\needtohandinone\programmingproject\try6\programmingproject\programm.e0a87724\x64\debug\programm.e0a87724.tlog\cl.items.tlog
c:\users\andrew\desktop\degree_year2_sem1\evovledoop\needtohandinone\programmingproject\try6\programmingproject\programm.e0a87724\x64\debug\programm.e0a87724.tlog\cl.read.1.tlog
c:\users\andrew\desktop\degree_year2_sem1\evovledoop\needtohandinone\programmingproject\try6\programmingproject\programm.e0a87724\x64\debug\programm.e0a87724.tlog\cl.write.1.tlog
c:\users\andrew\desktop\degree_year2_sem1\evovledoop\needtohandinone\programmingproject\try6\programmingproject\programm.e0a87724\x64\debug\programm.e0a87724.tlog\link.command.1.tlog
c:\users\andrew\desktop\degree_year2_sem1\evovledoop\needtohandinone\programmingproject\try6\programmingproject\programm.e0a87724\x64\debug\programm.e0a87724.tlog\link.read.1.tlog
c:\users\andrew\desktop\degree_year2_sem1\evovledoop\needtohandinone\programmingproject\try6\programmingproject\programm.e0a87724\x64\debug\programm.e0a87724.tlog\link.secondary.1.tlog
c:\users\andrew\desktop\degree_year2_sem1\evovledoop\needtohandinone\programmingproject\try6\programmingproject\programm.e0a87724\x64\debug\programm.e0a87724.tlog\link.write.1.tlog
